#-----------------------------------------------------------
# Vivado v2020.2 (64-bit)
# SW Build 3064766 on Wed Nov 18 09:12:45 MST 2020
# IP Build 3064653 on Wed Nov 18 14:17:31 MST 2020
# Start of session at: Thu Dec 29 15:19:45 2022
# Process ID: 4328
# Current directory: C:/Users/a5658/Desktop/logic_design_lab/Final_Project_Tetris
# Command line: vivado.exe -gui_launcher_event rodinguilauncherevent16252 C:\Users\a5658\Desktop\logic_design_lab\Final_Project_Tetris\Final_Project_Tetris.xpr
# Log file: C:/Users/a5658/Desktop/logic_design_lab/Final_Project_Tetris/vivado.log
# Journal file: C:/Users/a5658/Desktop/logic_design_lab/Final_Project_Tetris\vivado.jou
#-----------------------------------------------------------
start_gui
open_project C:/Users/a5658/Desktop/logic_design_lab/Final_Project_Tetris/Final_Project_Tetris.xpr
update_compile_order -fileset sources_1
launch_runs synth_1 -jobs 4
wait_on_run synth_1
reset_run synth_1
# Disabling source management mode.  This is to allow the top design properties to be set without GUI intervention.
set_property source_mgmt_mode None [current_project]
set_property top top [current_fileset]
# Re-enabling previously disabled source management mode.
set_property source_mgmt_mode All [current_project]
update_compile_order -fileset sources_1
launch_runs synth_1 -jobs 4
wait_on_run synth_1
reset_run synth_1
